Station Name,Date,Min Temp,Max Temp,First Temp,Last Temp
Oak Street Weather Station,01/01/2016,-2.2,-1.0,-2.2,-1.0
Foster Weather Station,01/01/2016,-6.39,-1.67,-6.39,-1.67
