Station Name,Date,Min Temp,Max Temp,First Temp,Last Temp
Foster Weather Station,01/01/2016,64.0,73.0,67.0,69.0
